// Vitest Snapshot v1, https://vitest.dev/guide/snapshot.html

exports[`SanityImage > provides a valid renderless component 1`] = `"<img src=\\"https://cdn.sanity.io/images/test-project/production/G3i4emG6B8JnTmGoN0UjgAp8-300x450.jpg?auto=format&amp;fp-x=0.5\\">"`;
